https://tutorcs.com
WeChat: cstutorcs
QQ: 749389476
Email: tutorcs@163.com
namefirst|namelast|birthyear
Jumbo|Diaz|1984
Walter|Young|1980
