https://tutorcs.com
WeChat: cstutorcs
QQ: 749389476
Email: tutorcs@163.com
binid|low|high|count
9|29750750.0|at least 33000000.0|3
